▲ Next.js 16.2.9
- Local:         http://localhost:3000
- Network:       http://172.16.0.2:3000
✓ Ready in 421ms
{"message":"[Web Vitals] FCP: 312 (good)","level":"info","timestamp":"2026-08-27T05:42:24.191Z","context":{"userId":"6a8a9d4ec380096068b5ea0b","metricId":"v4-1787809342965-4642790038055","metricName":"FCP","value":312,"rating":"good","delta":312}}
{"message":"Initializing Mongoose connection","level":"info","timestamp":"2026-08-27T05:42:24.201Z","context":{"dbName":"withink_dev"}}
{"message":"Mongoose connected successfully","level":"info","timestamp":"2026-08-27T05:42:24.947Z","context":{"dbName":"withink_dev"}}
{"message":"[Web Vitals] TTFB: 177.69999998807907 (good)","level":"info","timestamp":"2026-08-27T05:42:26.184Z","context":{"userId":"6a8a9d4ec380096068b5ea0b","metricId":"v4-1787809342965-1206324561595","metricName":"TTFB","value":177.69999998807907,"rating":"good","delta":177.69999998807907}}
{"message":"[Web Vitals] INP: 48 (good)","level":"info","timestamp":"2026-08-27T05:42:42.145Z","context":{"userId":"6a8a9d4ec380096068b5ea0b","metricId":"v4-1787808667563-3378656682967","metricName":"INP","value":48,"rating":"good","delta":48}}
{"message":"[Web Vitals] CLS: 0 (good)","level":"info","timestamp":"2026-08-27T05:42:42.165Z","context":{"userId":"6a8a9d4ec380096068b5ea0b","metricId":"v4-1787808667567-2349401421086","metricName":"CLS","value":0,"rating":"good","delta":0}}
{"message":"[Web Vitals] LCP: 3196 (needs-improvement)","level":"warn","timestamp":"2026-08-27T05:43:31.692Z","context":{"userId":"6a8a9d4ec380096068b5ea0b","metricId":"v4-1787809342965-9648190183037","metricName":"LCP","value":3196,"rating":"needs-improvement","delta":3196}}
{"message":"[Web Vitals] FCP: 212 (good)","level":"info","timestamp":"2026-08-27T05:45:00.900Z","context":{"userId":"6a891f4b214354724f45c627","metricId":"v4-1787809500780-9552181108444","metricName":"FCP","value":212,"rating":"good","delta":212}}
{"message":"[Web Vitals] TTFB: 36.19999998807907 (good)","level":"info","timestamp":"2026-08-27T05:45:01.603Z","context":{"userId":"6a891f4b214354724f45c627","metricId":"v4-1787809500780-5184257859854","metricName":"TTFB","value":36.19999998807907,"rating":"good","delta":36.19999998807907}}
{"message":"[Web Vitals] LCP: 1012 (good)","level":"info","timestamp":"2026-08-27T05:45:02.791Z","context":{"userId":"6a891f4b214354724f45c627","metricId":"v4-1787809500780-3098593622211","metricName":"LCP","value":1012,"rating":"good","delta":1012}}
{"message":"[Web Vitals] INP: 48 (good)","level":"info","timestamp":"2026-08-27T05:45:12.369Z","context":{"userId":"6a8a9d4ec380096068b5ea0b","metricId":"v4-1787809342965-8962352572750","metricName":"INP","value":48,"rating":"good","delta":48}}
{"message":"[Web Vitals] FCP: 148 (good)","level":"info","timestamp":"2026-08-27T05:45:12.500Z","context":{"userId":"6a8a9d4ec380096068b5ea0b","metricId":"v4-1787809512380-7712781281029","metricName":"FCP","value":148,"rating":"good","delta":148}}
{"message":"[Web Vitals] TTFB: 35.69999998807907 (good)","level":"info","timestamp":"2026-08-27T05:45:12.848Z","context":{"userId":"6a8a9d4ec380096068b5ea0b","metricId":"v4-1787809512380-8841833427403","metricName":"TTFB","value":35.69999998807907,"rating":"good","delta":35.69999998807907}}
{"message":"[Web Vitals] CLS: 0.012259033815587565 (good)","level":"info","timestamp":"2026-08-27T05:45:12.989Z","context":{"userId":"6a8a9d4ec380096068b5ea0b","metricId":"v4-1787809342970-3470967358367","metricName":"CLS","value":0.012259033815587565,"rating":"good","delta":0.012259033815587565}}
{"message":"[Web Vitals] INP: 48 (good)","level":"info","timestamp":"2026-08-27T05:45:49.769Z","context":{"userId":"6a891f4b214354724f45c627","metricId":"v4-1787809500780-2477458566442","metricName":"INP","value":48,"rating":"good","delta":48}}
{"message":"[Web Vitals] CLS: 0.00004784327622897644 (good)","level":"info","timestamp":"2026-08-27T05:45:49.771Z","context":{"userId":"6a891f4b214354724f45c627","metricId":"v4-1787809500785-9700170911374","metricName":"CLS","value":0.00004784327622897644,"rating":"good","delta":0.00004784327622897644}}
{"message":"[Web Vitals] LCP: 516 (good)","level":"info","timestamp":"2026-08-27T05:46:12.220Z","context":{"userId":"6a8a9d4ec380096068b5ea0b","metricId":"v4-1787809512379-4803622199893","metricName":"LCP","value":516,"rating":"good","delta":516}}
{"message":"[Web Vitals] INP: 48 (good)","level":"info","timestamp":"2026-08-27T05:47:18.462Z","context":{"userId":"6a8a9d4ec380096068b5ea0b","metricId":"v4-1787809512380-9596361789090","metricName":"INP","value":48,"rating":"good","delta":48}}
{"message":"[Web Vitals] CLS: 0 (good)","level":"info","timestamp":"2026-08-27T05:47:18.467Z","context":{"userId":"6a8a9d4ec380096068b5ea0b","metricId":"v4-1787809512385-7621660679818","metricName":"CLS","value":0,"rating":"good","delta":0}}
{"message":"[Web Vitals] FCP: 356 (good)","level":"info","timestamp":"2026-08-27T05:47:18.772Z","context":{"userId":"6a8a9d4ec380096068b5ea0b","metricId":"v4-1787809638476-5921637032627","metricName":"FCP","value":356,"rating":"good","delta":356}}
{"message":"[Web Vitals] TTFB: 32.5 (good)","level":"info","timestamp":"2026-08-27T05:47:19.190Z","context":{"userId":"6a8a9d4ec380096068b5ea0b","metricId":"v4-1787809638476-7729725438761","metricName":"TTFB","value":32.5,"rating":"good","delta":32.5}}
{"message":"[Web Vitals] CLS: 0 (good)","level":"info","timestamp":"2026-08-27T05:47:33.146Z","context":{"userId":"6a8a9d4ec380096068b5ea0b","metricId":"v4-1787809638669-5559346715246","metricName":"CLS","value":0,"rating":"good","delta":0}}
{"message":"[Web Vitals] LCP: 808 (good)","level":"info","timestamp":"2026-08-27T05:47:33.149Z","context":{"userId":"6a8a9d4ec380096068b5ea0b","metricId":"v4-1787809638476-7066870629929","metricName":"LCP","value":808,"rating":"good","delta":808}}
{"message":"[Web Vitals] FCP: 152 (good)","level":"info","timestamp":"2026-08-27T05:47:33.268Z","context":{"userId":"6a8a9d4ec380096068b5ea0b","metricId":"v4-1787809653157-8603323808895","metricName":"FCP","value":152,"rating":"good","delta":152}}
{"message":"[Web Vitals] TTFB: 18 (good)","level":"info","timestamp":"2026-08-27T05:47:33.968Z","context":{"userId":"6a8a9d4ec380096068b5ea0b","metricId":"v4-1787809653157-5349069037149","metricName":"TTFB","value":18,"rating":"good","delta":18}}
{"message":"[Web Vitals] LCP: 1068 (good)","level":"info","timestamp":"2026-08-27T05:48:09.668Z","context":{"userId":"6a8a9d4ec380096068b5ea0b","metricId":"v4-1787809653157-4096687005937","metricName":"LCP","value":1068,"rating":"good","delta":1068}}
undefined
D:\code\saas\withink.me\apps\app:
 ERR_PNPM_RECURSIVE_EXEC_FIRST_FAIL  Command failed with exit code 4294967295: next start
